App.ScreenGrab
App.CopyWindowTitle
Macro.Reload
App.CommandPalette
App.Help
App.MainMenu
App.LastMenuItem
Workspace.New
Workspace.NewTerminal
Workspace.Close
Workspace.Next
Workspace.Previous
Workspace.List
Debug.ScreenDump
File.View
File.Edit
File.New
File.ApplyCommand
File.Copy
File.CopyInPlace
File.Move
File.CreateLink
File.EditSymlink
File.Rename
File.MakeDir
File.Delete
File.DeletePermanent
File.Attributes
File.Share
Panel.SystemExplorer
Panel.SelectGroup
Panel.DeselectGroup
Panel.InvertSelection
Panel.RestoreSelection
Panel.SelectNavigation
Panel.ToggleCommandLineFocus
Panel.UserMenu
Panel.FileAssociations
File.Find
File.FindDuplicates
Panel.CompareFolders
File.RunRemoteCommand
Panel.BackgroundJobs
Panel.Bookmarks
Panel.PluginMenu
Panel.TempPanel
Panel.CommandHistory
Panel.FoldersHistory
Panel.ViewerEditorHistory
History.ImportFar2l
Panel.GoParent
Panel.GoRoot
Panel.HistoryBack
Panel.HistoryForward
Panel.ScrollNamesLeft
Panel.ScrollNamesRight
Panel.ScrollNamesHome
Panel.ScrollNamesEnd
Panel.CopyPath
Panel.InsertPath
Panel.CopyName
Panel.CopySelectedNames
Panel.CopySelectedPaths
Panel.CopySelectedRealPaths
Panel.SortUseGroups
Panel.SortMenu
Settings.Language
Settings.Panel
Settings.Editor
Settings.Viewer
Settings.Colorer
Settings.Appearance
Settings.Startup
Settings.Portable
Settings.Confirmations
Settings.MouseWheel
Settings.PathHints
Settings.Hotkeys
Settings.AutoUpdate
Settings.Proxy
Settings.PluginConfiguration
Settings.Plugins
App.PlugRing
App.SaveSettings
App.ToggleWindowSize
Panel.ToggleKeyBar
Settings.MacKeyboard
Panel.Rescan
Panel.Swap
Panel.Toggle
Panel.ToggleLeftPanel
Panel.ToggleRightPanel
Panel.TogglePassivePanel
Panel.InfoPanel
Panel.QuickView
Panel.Player
Panel.SplitLeft
Panel.SplitRight
Panel.SplitUp
Panel.SplitDown
Panel.SplitActiveUp
Panel.SplitActiveDown
Panel.SplitReset
Panel.SyncPanels
Panel.ToggleInfoBytes
Panel.ToggleHidden
Panel.ViewBrief
Panel.ViewMedium
Panel.ViewDetailed
Panel.ViewWide
Panel.SortByName
Panel.SortByExt
Panel.SortByTime
Panel.SortBySize
Panel.SortUnsorted
Panel.LeftDriveMenu
Panel.RightDriveMenu
Panel.EnterDirectory
Panel.InsertFileName
Panel.InsertLeftPath
Panel.InsertRightPath
App.Quit
Debug.DummyOperation
Terminal.ViewLog
Terminal.EditLog
Editor.Save
Editor.SaveAs
Editor.SwitchToViewer
Editor.Quit
Editor.Undo
Editor.Redo
Editor.Copy
Editor.Cut
Editor.Paste
Editor.SelectAll
Editor.DeleteLine
Editor.DuplicateLine
Editor.AddCursorAtNextOccurrence
Editor.SelectAllOccurrences
Editor.MoveLineUp
Editor.MoveLineDown
Editor.Base64Menu
Editor.Base64Encode
Editor.Base64Decode
Editor.SortLines
Editor.ToggleOvertype
Editor.Search
Editor.Replace
Editor.SearchNext
Editor.SearchForward
Editor.SearchPrevious
Editor.WordWrap
Editor.HexMode
Editor.DisasmMode
Editor.ShowWhitespaces
Editor.CodepageNext
Editor.CodepageMenu
Editor.ConvertCodepage
Editor.InsertLeftPanelPath
Editor.InsertRightPanelPath
Editor.InsertActivePanelFileName
Editor.DeleteSpacersForward
Viewer.SwitchToEditor
Viewer.Reload
Viewer.Quit
Viewer.WrapMode
Viewer.HexMode
Viewer.DisasmMode
Viewer.Search
Viewer.SearchNext
Viewer.SearchPrevious
Viewer.CodepageNext
Viewer.CodepageMenu
Editor.Settings
Viewer.Settings
Panel.Mount
Panel.MountRW
Panel.MountList
App.Spreadsheet
App.SQLite
Panel.Left.ViewBrief
Panel.Left.ViewMedium
Panel.Left.ViewDetailed
Panel.Left.ViewWide
Panel.Left.SortByName
Panel.Left.SortByExt
Panel.Left.SortByTime
Panel.Left.SortBySize
Panel.Left.SortUnsorted
Panel.Left.SortUseGroups
AI.Left.ViewContext
AI.Left.ViewChat
AI.Left.ViewOut
AI.Left.ViewMem
Panel.Right.ViewBrief
Panel.Right.ViewMedium
Panel.Right.ViewDetailed
Panel.Right.ViewWide
Panel.Right.SortByName
Panel.Right.SortByExt
Panel.Right.SortByTime
Panel.Right.SortBySize
Panel.Right.SortUnsorted
Panel.Right.SortUseGroups
AI.Right.ViewContext
AI.Right.ViewChat
AI.Right.ViewOut
AI.Right.ViewMem
Viewer.GoTo
Editor.GoTo
App.Background
App.Arkanoid
AI.TogglePanel
AI.Ask
AI.NewSession
AI.ApplyPatch
AI.Setup
AI.Help
AI.AttachAPSpec
AI.ListModels
Settings.Category.navigation
Settings.Open
Settings.Category.appearance
Settings.Category.startup
Settings.Category.workspaces
Settings.Category.panels
Settings.Category.drives
Settings.Category.operations
Settings.Category.editor
Settings.Category.syntax
Settings.Category.keyboard
Settings.Category.hotkeys
Settings.Category.terminal
Settings.Category.history
Settings.Category.associations
Settings.Category.menus
Settings.Category.network
Settings.Category.metadata
Settings.Category.updates
Settings.Category.plugins
Settings.Category.ai
